[    0.000000] Initializing cgroup subsys cpuset
[    0.000000] Initializing cgroup subsys cpu
[    0.000000] Initializing cgroup subsys cpuacct
[    0.000000] Linux version 4.4.0-165-generic (buildd@lgw01-amd64-027) (gcc version 5.4.0 20160609 (Ubuntu 5.4.0-6ubuntu1~16.04.10) ) #193-Ubuntu SMP Tue Sep 17 17:42:52 UTC 2019 (Ubuntu 4.4.0-165.193-generic 4.4.189)
[    0.000000] Command line: BOOT_IMAGE=/boot/vmlinuz-4.4.0-165-generic root=UUID=762210da-40fe-4120-9981-dfdf20ecd299 ro console=tty1 console=ttyS0
[    0.000000] KERNEL supported cpus:
[    0.000000]   Intel GenuineIntel
[    0.000000]   AMD AuthenticAMD
[    0.000000]   Centaur CentaurHauls
[    0.000000] x86/fpu: xstate_offset[2]:  576, xstate_sizes[2]:  256
[    0.000000] x86/fpu: Supporting XSAVE feature 0x01: 'x87 floating point registers'
[    0.000000] x86/fpu: Supporting XSAVE feature 0x02: 'SSE registers'
[    0.000000] x86/fpu: Supporting XSAVE feature 0x04: 'AVX registers'
[    0.000000] x86/fpu: Enabled xstate features 0x7, context size is 832 bytes, using 'standard' format.
[    0.000000] e820: BIOS-provided physical RAM map:
[    0.000000] BIOS-e820: [mem 0x0000000000000000-0x000000000009fbff] usable
[    0.000000] BIOS-e820: [mem 0x000000000009fc00-0x000000000009ffff] reserved
[    0.000000] BIOS-e820: [mem 0x00000000000f0000-0x00000000000fffff] reserved
[    0.000000] BIOS-e820: [mem 0x0000000000100000-0x00000000dffeffff] usable
[    0.000000] BIOS-e820: [mem 0x00000000dfff0000-0x00000000dfffffff] ACPI data
[    0.000000] BIOS-e820: [mem 0x00000000fec00000-0x00000000fec00fff] reserved
[    0.000000] BIOS-e820: [mem 0x00000000fee00000-0x00000000fee00fff] reserved
[    0.000000] BIOS-e820: [mem 0x00000000fffc0000-0x00000000ffffffff] reserved
[    0.000000] BIOS-e820: [mem 0x0000000100000000-0x0000000119ffffff] usable
[    0.000000] NX (Execute Disable) protection: active
[    0.000000] SMBIOS 2.5 present.
[    0.000000] Hypervisor detected: KVM
[    0.000000] e820: last_pfn = 0x11a000 max_arch_pfn = 0x400000000
[    0.000000] MTRR: Disabled
[    0.000000] x86/PAT: MTRRs disabled, skipping PAT initialization too.
[    0.000000] CPU MTRRs all blank - virtualized system.
[    0.000000] x86/PAT: Configuration [0-7]: WB  WT  UC- UC  WB  WT  UC- UC  
[    0.000000] e820: last_pfn = 0xdfff0 max_arch_pfn = 0x400000000
[    0.000000] found SMP MP-table at [mem 0x0009fff0-0x0009ffff] mapped at [ffff88000009fff0]
[    0.000000] Scanning 1 areas for low memory corruption
[    0.000000] RAMDISK: [mem 0x361e0000-0x370e7fff]
[    0.000000] ACPI: Early table checksum verification disabled
[    0.000000] ACPI: RSDP 0x00000000000E0000 000024 (v02 VBOX  )
[    0.000000] ACPI: XSDT 0x00000000DFFF0030 00003C (v01 VBOX   VBOXXSDT 00000001 ASL  00000061)
[    0.000000] ACPI: FACP 0x00000000DFFF00F0 0000F4 (v04 VBOX   VBOXFACP 00000001 ASL  00000061)
[    0.000000] ACPI: DSDT 0x00000000DFFF0470 0022EA (v02 VBOX   VBOXBIOS 00000002 INTL 20100528)
[    0.000000] ACPI: FACS 0x00000000DFFF0200 000040
[    0.000000] ACPI: FACS 0x00000000DFFF0200 000040
[    0.000000] ACPI: APIC 0x00000000DFFF0240 00005C (v02 VBOX   VBOXAPIC 00000001 ASL  00000061)
[    0.000000] ACPI: SSDT 0x00000000DFFF02A0 0001CC (v01 VBOX   VBOXCPUT 00000002 INTL 20100528)
[    0.000000] No NUMA configuration found
[    0.000000] Faking a node at [mem 0x0000000000000000-0x0000000119ffffff]
[    0.000000] NODE_DATA(0) allocated [mem 0x119ff9000-0x119ffdfff]
[    0.000000] kvm-clock: Using msrs 4b564d01 and 4b564d00
[    0.000000] kvm-clock: cpu 0, msr 1:19ff1001, primary cpu clock
[    0.000000] kvm-clock: using sched offset of 4102564481 cycles
[    0.000000] clocksource: kvm-clock: mask: 0xffffffffffffffff max_cycles: 0x1cd42e4dffb, max_idle_ns: 881590591483 ns
[    0.000000] Zone ranges:
[    0.000000]   DMA      [mem 0x0000000000001000-0x0000000000ffffff]
[    0.000000]   DMA32    [mem 0x0000000001000000-0x00000000ffffffff]
[    0.000000]   Normal   [mem 0x0000000100000000-0x0000000119ffffff]
[    0.000000]   Device   empty
[    0.000000] Movable zone start for each node
[    0.000000] Early memory node ranges
[    0.000000]   node   0: [mem 0x0000000000001000-0x000000000009efff]
[    0.000000]   node   0: [mem 0x0000000000100000-0x00000000dffeffff]
[    0.000000]   node   0: [mem 0x0000000100000000-0x0000000119ffffff]
[    0.000000] Initmem setup node 0 [mem 0x0000000000001000-0x0000000119ffffff]
[    0.000000] ACPI: PM-Timer IO Port: 0x4008
[    0.000000] IOAPIC[0]: apic_id 2, version 32, address 0xfec00000, GSI 0-23
[    0.000000] ACPI: INT_SRC_OVR (bus 0 bus_irq 0 global_irq 2 dfl dfl)
[    0.000000] ACPI: INT_SRC_OVR (bus 0 bus_irq 9 global_irq 9 low level)
[    0.000000] Using ACPI (MADT) for SMP configuration information
[    0.000000] smpboot: Allowing 2 CPUs, 0 hotplug CPUs
[    0.000000] PM: Registered nosave memory: [mem 0x00000000-0x00000fff]
[    0.000000] PM: Registered nosave memory: [mem 0x0009f000-0x0009ffff]
[    0.000000] PM: Registered nosave memory: [mem 0x000a0000-0x000effff]
[    0.000000] PM: Registered nosave memory: [mem 0x000f0000-0x000fffff]
[    0.000000] PM: Registered nosave memory: [mem 0xdfff0000-0xdfffffff]
[    0.000000] PM: Registered nosave memory: [mem 0xe0000000-0xfebfffff]
[    0.000000] PM: Registered nosave memory: [mem 0xfec00000-0xfec00fff]
[    0.000000] PM: Registered nosave memory: [mem 0xfec01000-0xfedfffff]
[    0.000000] PM: Registered nosave memory: [mem 0xfee00000-0xfee00fff]
[    0.000000] PM: Registered nosave memory: [mem 0xfee01000-0xfffbffff]
[    0.000000] PM: Registered nosave memory: [mem 0xfffc0000-0xffffffff]
[    0.000000] e820: [mem 0xe0000000-0xfebfffff] available for PCI devices
[    0.000000] Booting paravirtualized kernel on KVM
[    0.000000] clocksource: refined-jiffies: mask: 0xffffffff max_cycles: 0xffffffff, max_idle_ns: 7645519600211568 ns
[    0.000000] setup_percpu: NR_CPUS:512 nr_cpumask_bits:512 nr_cpu_ids:2 nr_node_ids:1
[    0.000000] PERCPU: Embedded 34 pages/cpu @ffff880119c00000 s99544 r8192 d31528 u1048576
[    0.000000] Built 1 zonelists in Node order, mobility grouping on.  Total pages: 1007864
[    0.000000] Policy zone: Normal
[    0.000000] Kernel command line: BOOT_IMAGE=/boot/vmlinuz-4.4.0-165-generic root=UUID=762210da-40fe-4120-9981-dfdf20ecd299 ro console=tty1 console=ttyS0
[    0.000000] PID hash table entries: 4096 (order: 3, 32768 bytes)
[    0.000000] Memory: 3929384K/4095544K available (8621K kernel code, 1335K rwdata, 4032K rodata, 1484K init, 1284K bss, 166160K reserved, 0K cma-reserved)
[    0.000000] SLUB: HWalign=64, Order=0-3, MinObjects=0, CPUs=2, Nodes=1
[    0.000000] Kernel/User page tables isolation: enabled
[    0.000000] Hierarchical RCU implementation.
[    0.000000] 	Build-time adjustment of leaf fanout to 64.
[    0.000000] 	RCU restricting CPUs from NR_CPUS=512 to nr_cpu_ids=2.
[    0.000000] RCU: Adjusting geometry for rcu_fanout_leaf=64, nr_cpu_ids=2
[    0.000000] NR_IRQS:33024 nr_irqs:440 16
[    0.000000] Console: colour VGA+ 80x25
[    0.000000] console [tty1] enabled
[    0.000000] console [ttyS0] enabled
[    0.000000] tsc: Detected 1607.999 MHz processor
[    0.333062] Calibrating delay loop (skipped) preset value.. 3215.99 BogoMIPS (lpj=6431996)
[    0.335721] pid_max: default: 32768 minimum: 301
[    0.337226] ACPI: Core revision 20150930
[    0.339761] ACPI: 2 ACPI AML tables successfully acquired and loaded
[    0.342064] Security Framework initialized
[    0.343696] Yama: becoming mindful.
[    0.344861] AppArmor: AppArmor initialized
[    0.348043] Dentry cache hash table entries: 524288 (order: 10, 4194304 bytes)
[    0.354750] Inode-cache hash table entries: 262144 (order: 9, 2097152 bytes)
[    0.357819] Mount-cache hash table entries: 8192 (order: 4, 65536 bytes)
[    0.359956] Mountpoint-cache hash table entries: 8192 (order: 4, 65536 bytes)
[    0.364456] Initializing cgroup subsys io
[    0.366103] Initializing cgroup subsys memory
[    0.367565] Initializing cgroup subsys devices
[    0.369342] Initializing cgroup subsys freezer
[    0.370799] Initializing cgroup subsys net_cls
[    0.372571] Initializing cgroup subsys perf_event
[    0.374049] Initializing cgroup subsys net_prio
[    0.375512] Initializing cgroup subsys hugetlb
[    0.376918] Initializing cgroup subsys pids
[    0.379646] mce: CPU supports 0 MCE banks
[    0.381281] Last level iTLB entries: 4KB 64, 2MB 8, 4MB 8
[    0.383445] Last level dTLB entries: 4KB 64, 2MB 0, 4MB 0, 1GB 4
[    0.385654] Spectre V1 : Mitigation: usercopy/swapgs barriers and __user pointer sanitization
[    0.388368] Spectre V2 : Mitigation: Full generic retpoline
[    0.390081] Spectre V2 : Spectre v2 / SpectreRSB mitigation: Filling RSB on context switch
[    0.393000] Speculative Store Bypass: Vulnerable
[    0.394951] MDS: Vulnerable: Clear CPU buffers attempted, no microcode
[    0.400082] Freeing SMP alternatives memory: 36K
[    0.408070] ftrace: allocating 32318 entries in 127 pages
[    0.471023] smpboot: APIC(0) Converting physical 0 to logical package 0
[    0.473656] smpboot: Max logical packages: 1
[    0.475692] x2apic enabled
[    0.477067] Switched APIC routing to physical x2apic.
[    0.479789] ..TIMER: vector=0x30 apic1=0 pin1=2 apic2=-1 pin2=-1
[    0.587751] smpboot: CPU0: Intel(R) Core(TM) i5-8210Y CPU @ 1.60GHz (family: 0x6, model: 0x8e, stepping: 0x9)
[    0.592092] Performance Events: unsupported p6 CPU model 142 no PMU driver, software events only.
[    0.605288] KVM setup paravirtual spinlock
[    0.607636] x86: Booting SMP configuration:
[    0.609946] .... node  #0, CPUs:      #1
[    0.611528] kvm-clock: cpu 1, msr 1:19ff1041, secondary cpu clock
[    0.614697] mce: CPU supports 0 MCE banks
[    0.618007] x86: Booted up 1 node, 2 CPUs
[    0.620019] smpboot: Total of 2 processors activated (6431.99 BogoMIPS)
[    0.623465] devtmpfs: initialized
[    0.627035] evm: security.selinux
[    0.628747] evm: security.SMACK64
[    0.630467] evm: security.SMACK64EXEC
[    0.632519] evm: security.SMACK64TRANSMUTE
[    0.633845] evm: security.SMACK64MMAP
[    0.635089] evm: security.ima
[    0.636144] evm: security.capability
[    0.637736] clocksource: jiffies: mask: 0xffffffff max_cycles: 0xffffffff, max_idle_ns: 7645041785100000 ns
[    0.641098] futex hash table entries: 512 (order: 3, 32768 bytes)
[    0.644236] pinctrl core: initialized pinctrl subsystem
[    0.646454] RTC time: 11:43:36, date: 10/18/19
[    0.648466] NET: Registered protocol family 16
[    0.659628] cpuidle: using governor ladder
[    0.672229] cpuidle: using governor menu
[    0.674714] PCCT header not found.
[    0.676941] ACPI: bus type PCI registered
[    0.678608] acpiphp: ACPI Hot Plug PCI Controller Driver version: 0.5
[    0.684202] PCI: Using configuration type 1 for base access
[    0.700903] ACPI: Added _OSI(Module Device)
[    0.703190] ACPI: Added _OSI(Processor Device)
[    0.705709] ACPI: Added _OSI(3.0 _SCP Extensions)
[    0.708183] ACPI: Added _OSI(Processor Aggregator Device)
[    0.713416] ACPI: Executed 1 blocks of module-level executable AML code
[    0.721256] ACPI: Interpreter enabled
[    0.723265] ACPI: (supports S0 S5)
[    0.725744] ACPI: Using IOAPIC for interrupt routing
[    0.729676] PCI: Using host bridge windows from ACPI; if necessary, use "pci=nocrs" and report a bug
[    0.744582] ACPI: PCI Root Bridge [PCI0] (domain 0000 [bus 00-ff])
[    0.748204] acpi PNP0A03:00: _OSC: OS supports [ASPM ClockPM Segments MSI]
[    0.753496] acpi PNP0A03:00: _OSC: not requesting OS control; OS requires [ExtendedConfig ASPM ClockPM MSI]
[    0.760904] acpi PNP0A03:00: fail to add MMCONFIG information, can't access extended PCI configuration space under this bridge.
[    0.769748] PCI host bridge to bus 0000:00
[    0.786609] pci_bus 0000:00: root bus resource [io  0x0000-0x0cf7 window]
[    0.790373] pci_bus 0000:00: root bus resource [io  0x0d00-0xffff window]
[    0.793111] pci_bus 0000:00: root bus resource [mem 0x000a0000-0x000bffff window]
[    0.796225] pci_bus 0000:00: root bus resource [mem 0xe0000000-0xfdffffff window]
[    0.799995] pci_bus 0000:00: root bus resource [bus 00-ff]
[    0.805894] pci 0000:00:01.1: legacy IDE quirk: reg 0x10: [io  0x01f0-0x01f7]
[    0.808717] pci 0000:00:01.1: legacy IDE quirk: reg 0x14: [io  0x03f6]
[    0.811696] pci 0000:00:01.1: legacy IDE quirk: reg 0x18: [io  0x0170-0x0177]
[    0.814437] pci 0000:00:01.1: legacy IDE quirk: reg 0x1c: [io  0x0376]
[    0.859116] pci 0000:00:07.0: quirk: [io  0x4000-0x403f] claimed by PIIX4 ACPI
[    0.861816] pci 0000:00:07.0: quirk: [io  0x4100-0x410f] claimed by PIIX4 SMB
[    0.893796] ACPI: PCI Interrupt Link [LNKA] (IRQs 5 9 10 *11)
[    0.896748] ACPI: PCI Interrupt Link [LNKB] (IRQs 5 9 *10 11)
[    0.899933] ACPI: PCI Interrupt Link [LNKC] (IRQs 5 *9 10 11)
[    0.903227] ACPI: PCI Interrupt Link [LNKD] (IRQs 5 9 10 *11)
[    0.905724] ACPI: Enabled 2 GPEs in block 00 to 07
[    0.908513] vgaarb: setting as boot device: PCI:0000:00:02.0
[    0.910819] vgaarb: device added: PCI:0000:00:02.0,decodes=io+mem,owns=io+mem,locks=none
[    0.914564] vgaarb: loaded
[    0.915716] vgaarb: bridge control possible 0000:00:02.0
[    0.918732] SCSI subsystem initialized
[    0.920755] ACPI: bus type USB registered
[    0.922265] usbcore: registered new interface driver usbfs
[    0.924575] usbcore: registered new interface driver hub
[    0.927188] usbcore: registered new device driver usb
[    0.929691] PCI: Using ACPI for IRQ routing
[    0.932431] NetLabel: Initializing
[    0.934234] NetLabel:  domain hash size = 128
[    0.936413] NetLabel:  protocols = UNLABELED CIPSOv4
[    0.938085] NetLabel:  unlabeled traffic allowed by default
[    0.940066] amd_nb: Cannot enumerate AMD northbridges
[    0.943983] clocksource: Switched to clocksource kvm-clock
[    0.954871] AppArmor: AppArmor Filesystem Enabled
[    0.957092] pnp: PnP ACPI init
[    0.960316] pnp: PnP ACPI: found 3 devices
[    0.976028] clocksource: acpi_pm: mask: 0xffffff max_cycles: 0xffffff, max_idle_ns: 2085701024 ns
[    0.979413] NET: Registered protocol family 2
[    0.981272] TCP established hash table entries: 32768 (order: 6, 262144 bytes)
[    0.984001] TCP bind hash table entries: 32768 (order: 7, 524288 bytes)
[    0.987772] TCP: Hash tables configured (established 32768 bind 32768)
[    0.990348] UDP hash table entries: 2048 (order: 4, 65536 bytes)
[    0.992296] UDP-Lite hash table entries: 2048 (order: 4, 65536 bytes)
[    0.994349] NET: Registered protocol family 1
[    0.995756] pci 0000:00:00.0: Limiting direct PCI/PCI transfers
[    0.997786] pci 0000:00:01.0: Activating ISA DMA hang workarounds
[    0.999859] Unpacking initramfs...
[    1.248184] Freeing initrd memory: 15392K
[    1.250173] PCI-DMA: Using software bounce buffering for IO (SWIOTLB)
[    1.252346] software IO TLB: mapped [mem 0xdbff0000-0xdfff0000] (64MB)
[    1.254394] clocksource: tsc: mask: 0xffffffffffffffff max_cycles: 0x172da94f0e2, max_idle_ns: 440795278248 ns
[    1.257536] platform rtc_cmos: registered platform RTC device (no PNP device found)
[    1.260011] Scanning for low memory corruption every 60 seconds
[    1.262214] audit: initializing netlink subsys (disabled)
[    1.263887] audit: type=2000 audit(1571399022.806:1): initialized
[    1.266161] Initialise system trusted keyring
[    1.267815] HugeTLB registered 2 MB page size, pre-allocated 0 pages
[    1.271022] zbud: loaded
[    1.272477] VFS: Disk quotas dquot_6.6.0
[    1.274167] VFS: Dquot-cache hash table entries: 512 (order 0, 4096 bytes)
[    1.276946] squashfs: version 4.0 (2009/01/31) Phillip Lougher
[    1.279405] fuse init (API version 7.23)
[    1.280978] Key type big_key registered
[    1.282255] Allocating IMA MOK and blacklist keyrings.
[    1.285326] Key type asymmetric registered
[    1.286655] Asymmetric key parser 'x509' registered
[    1.288203] Block layer SCSI generic (bsg) driver version 0.4 loaded (major 249)
[    1.290704] io scheduler noop registered
[    1.291978] io scheduler deadline registered (default)
[    1.293637] io scheduler cfq registered
[    1.294977] pci_hotplug: PCI Hot Plug PCI Core version: 0.5
[    1.296802] pciehp: PCI Express Hot Plug Controller Driver version: 0.4
[    1.299145] ACPI: AC Adapter [AC] (on-line)
[    1.300736] input: Power Button as /devices/LNXSYSTM:00/LNXPWRBN:00/input/input0
[    1.303714] ACPI: Power Button [PWRF]
[    1.305083] input: Sleep Button as /devices/LNXSYSTM:00/LNXSLPBN:00/input/input1
[    1.307460] ACPI: Sleep Button [SLPF]
[    1.309338] GHES: HEST is not enabled!
[    1.310963] ACPI: Battery Slot [BAT0] (battery present)
[    1.313445] Serial: 8250/16550 driver, 32 ports, IRQ sharing enabled
 	
 !"#$%&'()*+,-./0123456789:;<=>?@ABCDEFGHIJKLMNOPQRSTUVWXYZ[\]^_`abcdefghijklmnopqrstuvwxyz{|}~ÄÅÇÉÑÖÜáàâäãåçéèêëíìîïñóòôöõúùûü†°¢£§•¶ß®©™´¨≠ÆØ∞±≤≥¥µ∂∑∏π∫ªºΩæø¿¡¬√ƒ≈∆«»… ÀÃÕŒœ–—“”‘’÷◊ÿŸ⁄€‹›ﬁﬂ‡·‚„‰ÂÊÁËÈÍÎÏÌÓÔÒÚÛÙıˆ˜¯˘˙˚¸˝˛ˇ[    1.340571] 00:02: ttyS0 at I/O 0x3f8 (irq = 4, base_baud = 115200) is a 16550A
[    1.346925] Linux agpgart interface v0.103
[    1.352245] loop: module loaded
[    1.353926] scsi host0: ata_piix
[    1.355145] scsi host1: ata_piix
[    1.356442] ata1: PATA max UDMA/33 cmd 0x1f0 ctl 0x3f6 bmdma 0xd000 irq 14
[    1.358914] ata2: PATA max UDMA/33 cmd 0x170 ctl 0x376 bmdma 0xd008 irq 15
[    1.361140] libphy: Fixed MDIO Bus: probed
[    1.362580] tun: Universal TUN/TAP device driver, 1.6
[    1.364345] tun: (C) 1999-2004 Max Krasnyansky <maxk@qualcomm.com>
[    1.366626] PPP generic driver version 2.4.2
[    1.368252] ehci_hcd: USB 2.0 'Enhanced' Host Controller (EHCI) Driver
[    1.370351] ehci-pci: EHCI PCI platform driver
[    1.371772] ehci-platform: EHCI generic platform driver
[    1.373463] ohci_hcd: USB 1.1 'Open' Host Controller (OHCI) Driver
[    1.375314] ohci-pci: OHCI PCI platform driver
[    1.376931] ohci-platform: OHCI generic platform driver
[    1.378547] uhci_hcd: USB Universal Host Controller Interface driver
[    1.380560] i8042: PNP: PS/2 Controller [PNP0303:PS2K,PNP0f03:PS2M] at 0x60,0x64 irq 1,12
[    1.383793] serio: i8042 KBD port at 0x60,0x64 irq 1
[    1.385993] serio: i8042 AUX port at 0x60,0x64 irq 12
[    1.388270] mousedev: PS/2 mouse device common for all mice
[    1.390320] input: AT Translated Set 2 keyboard as /devices/platform/i8042/serio0/input/input2
[    1.393636] rtc_cmos rtc_cmos: rtc core: registered rtc_cmos as rtc0
[    1.395621] rtc_cmos rtc_cmos: alarms up to one day, 114 bytes nvram
[    1.397660] i2c /dev entries driver
[    1.398873] device-mapper: uevent: version 1.0.3
[    1.400450] device-mapper: ioctl: 4.34.0-ioctl (2015-10-28) initialised: dm-devel@redhat.com
[    1.403150] ledtrig-cpu: registered to indicate activity on CPUs
[    1.405539] NET: Registered protocol family 10
[    1.407376] NET: Registered protocol family 17
[    1.409660] Key type dns_resolver registered
[    1.411878] registered taskstats version 1
[    1.413647] Loading compiled-in X.509 certificates
[    1.415701] Loaded X.509 cert 'Build time autogenerated kernel key: 0ed82eac04367aa6426493b1389455ebf6830eaa'
[    1.419472] zswap: loaded using pool lzo/zbud
[    1.423050] Key type trusted registered
[    1.427803] Key type encrypted registered
[    1.429537] AppArmor: AppArmor sha1 policy hashing enabled
[    1.431543] ima: No TPM chip found, activating TPM-bypass!
[    1.433287] ima: Allocated hash algorithm: sha1
[    1.434742] evm: HMAC attrs: 0x1
[    1.436421]   Magic number: 7:228:732
[    1.437770] rtc_cmos rtc_cmos: setting system clock to 2019-10-18 11:43:37 UTC (1571399017)
[    1.441480] BIOS EDD facility v0.16 2004-Jun-25, 0 devices found
[    1.443351] EDD information not available.
[    1.518286] Freeing unused kernel memory: 1484K
[    1.521538] Write protecting the kernel read-only data: 14336k
[    1.524506] Freeing unused kernel memory: 1608K
[    1.526374] Freeing unused kernel memory: 64K
Loading, please wait...
starting version 229
[    1.542836] random: systemd-udevd: uninitialized urandom read (16 bytes read, 3 bits of entropy available)
[    1.542954] random: udevadm: uninitialized urandom read (16 bytes read, 3 bits of entropy available)
[    1.542970] random: udevadm: uninitialized urandom read (16 bytes read, 3 bits of entropy available)
[    1.551908] random: udevadm: uninitialized urandom read (16 bytes read, 3 bits of entropy available)
[    1.551928] random: systemd-udevd: uninitialized urandom read (16 bytes read, 3 bits of entropy available)
[    1.551942] random: systemd-udevd: uninitialized urandom read (16 bytes read, 3 bits of entropy available)
[    1.551958] random: systemd-udevd: uninitialized urandom read (16 bytes read, 3 bits of entropy available)
[    1.553057] random: systemd-udevd: uninitialized urandom read (16 bytes read, 3 bits of entropy available)
[    1.553138] random: systemd-udevd: uninitialized urandom read (16 bytes read, 3 bits of entropy available)
[    1.553150] random: systemd-udevd: uninitialized urandom read (16 bytes read, 3 bits of entropy available)
[    1.599057] e1000: Intel(R) PRO/1000 Network Driver - version 7.3.21-k8-NAPI
[    1.601302] e1000: Copyright (c) 1999-2006 Intel Corporation.
[    1.607984] Fusion MPT base driver 3.04.20
[    1.609560] Copyright (c) 1999-2008 LSI Corporation
[    1.616214] Fusion MPT SPI Host driver 3.04.20
[    1.632875] AVX2 version of gcm_enc/dec engaged.
[    1.634924] AES CTR mode by8 optimization enabled
[    1.845244] input: ImExPS/2 Generic Explorer Mouse as /devices/platform/i8042/serio1/input/input4
[    2.281629] e1000 0000:00:03.0 eth0: (PCI:33MHz:32-bit) 02:4c:fa:56:e0:e2
[    2.284097] e1000 0000:00:03.0 eth0: Intel(R) PRO/1000 Network Connection
[    2.289223] mptbase: ioc0: Initiating bringup
[    2.669366] ioc0: LSI53C1030 A0: Capabilities={Initiator}
[    3.246860] scsi host2: ioc0: LSI53C1030 A0, FwRev=00000000h, Ports=1, MaxQ=256, IRQ=20
[    3.617199] scsi 2:0:0:0: Direct-Access     VBOX     HARDDISK         1.0  PQ: 0 ANSI: 5
[    3.621672] scsi target2:0:0: Beginning Domain Validation
[    3.629178] scsi target2:0:0: Domain Validation skipping write tests
[    3.631811] scsi target2:0:0: Ending Domain Validation
[    3.634413] scsi target2:0:0: asynchronous
[    3.637734] scsi 2:0:1:0: Direct-Access     VBOX     HARDDISK         1.0  PQ: 0 ANSI: 5
[    3.641845] scsi target2:0:1: Beginning Domain Validation
[    3.646886] scsi target2:0:1: Domain Validation skipping write tests
[    3.649442] scsi target2:0:1: Ending Domain Validation
[    3.651513] scsi target2:0:1: asynchronous
[    3.699656] sd 2:0:0:0: Attached scsi generic sg0 type 0
[    3.702169] sd 2:0:0:0: [sda] 20971520 512-byte logical blocks: (10.7 GB/10.0 GiB)
[    3.705543] sd 2:0:1:0: Attached scsi generic sg1 type 0
[    3.707875] sd 2:0:1:0: [sdb] 20480 512-byte logical blocks: (10.5 MB/10.0 MiB)
[    3.711276] sd 2:0:1:0: [sdb] Write Protect is off
[    3.713592] sd 2:0:0:0: [sda] Write Protect is off
[    3.715404] sd 2:0:0:0: [sda] Incomplete mode parameter data
[    3.717804] sd 2:0:0:0: [sda] Assuming drive cache: write through
[    3.720580] sd 2:0:1:0: [sdb] Incomplete mode parameter data
[    3.722862] sd 2:0:1:0: [sdb] Assuming drive cache: write through
[    3.728084]  sda: sda1
[    3.730761] sd 2:0:0:0: [sda] Attached SCSI disk
[    3.732624] sd 2:0:1:0: [sdb] Attached SCSI disk
[    4.305429] e1000 0000:00:08.0 eth1: (PCI:33MHz:32-bit) 08:00:27:21:95:4e
[    4.312842] e1000 0000:00:08.0 eth1: Intel(R) PRO/1000 Network Connection
[    4.322213] e1000 0000:00:03.0 enp0s3: renamed from eth0
[    4.349149] e1000 0000:00:08.0 enp0s8: renamed from eth1
Begin: Loading essential drivers ... [    5.762860] md: linear personality registered for level -1
[    5.767026] md: multipath personality registered for level -4
[    5.771795] md: raid0 personality registered for level 0
[    5.777325] md: raid1 personality registered for level 1
[    5.848040] raid6: sse2x1   gen()  9829 MB/s
[    5.916197] raid6: sse2x1   xor()  7455 MB/s
[    5.984178] raid6: sse2x2   gen() 13090 MB/s
[    6.052216] raid6: sse2x2   xor()  8946 MB/s
[    6.120181] raid6: sse2x4   gen() 14322 MB/s
[    6.188104] raid6: sse2x4   xor()  8687 MB/s
[    6.256099] raid6: avx2x1   gen() 16946 MB/s
[    6.324061] raid6: avx2x2   gen() 16750 MB/s
[    6.392254] raid6: avx2x4   gen() 23540 MB/s
[    6.394197] raid6: using algorithm avx2x4 gen() 23540 MB/s
[    6.395950] raid6: using avx2x2 recovery algorithm
[    6.398476] xor: automatically using best checksumming function:
[    6.440296]    avx       : 25586.000 MB/sec
[    6.443764] async_tx: api initialized (async)
[    6.466078] md: raid6 personality registered for level 6
[    6.468369] md: raid5 personality registered for level 5
[    6.470987] md: raid4 personality registered for level 4
[    6.491060] md: raid10 personality registered for level 10
done.
Begin: Running /scripts/init-premount ... done.
Begin: Mounting root file system ... Begin: Running /scripts/local-top ... done.
Begin: Running /scripts/local-premount ... [    6.556700] Btrfs loaded
Scanning for Btrfs filesystems
done.
Warning: fsck not present, so skipping root file system
[    6.625563] EXT4-fs (sda1): mounted filesystem with ordered data mode. Opts: (null)
done.
Begin: Running /scripts/local-bottom ... done.
Begin: Running /scripts/init-bottom ... done.
[    6.814837] systemd[1]: systemd 229 running in system mode. (+PAM +AUDIT +SELINUX +IMA +APPARMOR +SMACK +SYSVINIT +UTMP +LIBCRYPTSETUP +GCRYPT +GNUTLS +ACL +XZ -LZ4 +SECCOMP +BLKID +ELFUTILS +KMOD -IDN)
[    6.821157] systemd[1]: Detected virtualization oracle.
[    6.822804] systemd[1]: Detected architecture x86-64.

Welcome to [1mUbuntu 16.04.6 LTS[0m!

[    6.828895] systemd[1]: Set hostname to <ubuntu-xenial>.
[    7.031614] systemd[1]: Listening on Device-mapper event daemon FIFOs.
[[0;32m  OK  [0m] Listening on Device-mapper event daemon FIFOs.
[    7.035337] systemd[1]: Listening on Journal Audit Socket.
[[0;32m  OK  [0m] Listening on Journal Audit Socket.
[    7.038497] systemd[1]: Created slice User and Session Slice.
[[0;32m  OK  [0m] Created slice User and Session Slice.
[    7.041369] systemd[1]: Listening on /dev/initctl Compatibility Named Pipe.
[[0;32m  OK  [0m] Listening on /dev/initctl Compatibility Named Pipe.
[    7.045078] systemd[1]: Listening on Syslog Socket.
[[0;32m  OK  [0m] Listening on Syslog Socket.
[    7.052939] systemd[1]: Reached target System Time Synchronized.
[[0;32m  OK  [0m] Reached target System Time Synchronized.
[    7.056896] systemd[1]: Reached target User and Group Name Lookups.
[[0;32m  OK  [0m] Reached target User and Group Name Lookups.
[    7.060925] systemd[1]: Listening on udev Control Socket.
[[0;32m  OK  [0m] Listening on udev Control Socket.
[    7.063625] systemd[1]: Reached target Swap.
[[0;32m  OK  [0m] Reached target Swap.
[    7.066322] systemd[1]: Listening on LVM2 metadata daemon socket.
[[0;32m  OK  [0m] Listening on LVM2 metadata daemon socket.
[    7.069522] systemd[1]: Started Forward Password Requests to Wall Directory Watch.
[[0;32m  OK  [0m] Started Forward Password Requests to Wall Directory Watch.
[    7.080943] systemd[1]: Listening on Journal Socket (/dev/log).
[[0;32m  OK  [0m] Listening on Journal Socket (/dev/log).
[    7.092714] systemd[1]: Reached target Encrypted Volumes.
[[0;32m  OK  [0m] Reached target Encrypted Volumes.
[    7.098073] systemd[1]: Started Trigger resolvconf update for networkd DNS.
[[0;32m  OK  [0m] Started Trigger resolvconf update for networkd DNS.
[    7.102031] systemd[1]: Listening on Journal Socket.
[[0;32m  OK  [0m] Listening on Journal Socket.
[    7.104876] systemd[1]: Listening on udev Kernel Socket.
[[0;32m  OK  [0m] Listening on udev Kernel Socket.
[    7.107814] systemd[1]: Listening on LVM2 poll daemon socket.
[[0;32m  OK  [0m] Listening on LVM2 poll daemon socket.
[    7.112208] systemd[1]: Created slice System Slice.
[[0;32m  OK  [0m] Created slice System Slice.
[    7.124642] systemd[1]: Starting Monitoring of LVM2 mirrors, snapshots etc. using dmeventd or progress polling...
         Starting Monitoring of LVM2 mirrors... dmeventd or progress polling...
[    7.134182] systemd[1]: Starting Journal Service...
         Starting Journal Service...
[    7.139112] systemd[1]: Starting Nameserver information manager...
         Starting Nameserver information manager...
[    7.147534] systemd[1]: Starting Create list of required static device nodes for the current kernel...
         Starting Create list of required st... nodes for the current kernel...
[    7.156695] systemd[1]: Mounting Huge Pages File System...
         Mounting Huge Pages File System...
[    7.161987] systemd[1]: Mounting Debug File System...
         Mounting Debug File System...
[    7.165859] systemd[1]: Created slice system-postgresql.slice.
[[0;32m  OK  [0m] Created slice system-postgresql.slice.
[    7.173974] systemd[1]: Reached target Slices.
[[0;32m  OK  [0m] Reached target Slices.
[    7.177591] systemd[1]: Starting Set console keymap...
         Starting Set console keymap...
[    7.184686] systemd[1]: Created slice system-serial\x2dgetty.slice.
[[0;32m  OK  [0m] Created slice system-serial\x2dgetty.slice.
[    7.190536] systemd[1]: Starting Remount Root and Kernel File Systems...
         Starting Remount Root and Kernel File Systems...
[    7.198059] systemd[1]: Mounting RPC Pipe File System...
         Mounting RPC Pipe File System...
[    7.203069] systemd[1]: Starting Uncomplicated firewall...
[    7.205609] EXT4-fs (sda1): re-mounted. Opts: (null)
         Starting Uncomplicated firewall...
[    7.212953] systemd[1]: Starting Load Kernel Modules...
         Starting Load Kernel Modules...
[    7.225095] Loading iSCSI transport class v2.0-870.
[    7.227300] systemd[1]: Mounting POSIX Message Queue File System...
[    7.231108] RPC: Registered named UNIX socket transport module.
[    7.231108] RPC: Registered udp transport module.
[    7.231109] RPC: Registered tcp transport module.
[    7.231109] RPC: Registered tcp NFSv4.1 backchannel transport module.
         Mounting POSIX Message Queue File System...
[    7.241119] systemd[1]: Set up automount Arbitrary Executable File Formats File System Automount Point.
[[0;32m  OK  [0m] Set up automount Arbitrary Executab...ats File System Automount Point.
[    7.252289] iscsi: registered transport (tcp)
[    7.257857] systemd[1]: Mounted RPC Pipe File System.
[[0;32m  OK  [0m] Mounted RPC Pipe File System.
[    7.262285] systemd[1]: Mounted POSIX Message Queue File System.
[[0;32m  OK  [0m] Mounted POSIX Message Queue File System.
[    7.267170] systemd[1]: Mounted Huge Pages File System.
[[0;32m  OK  [0m] Mounted Huge Pages File System.
[    7.271096] systemd[1]: Mounted Debug File System.
[[0;32m  OK  [0m] Mounted Debug File System.
[    7.275938] systemd[1]: Started Journal Service.
[[0;32m  OK  [0m] Started Journal Service.
[    7.293112] iscsi: registered transport (iser)
[[0;32m  OK  [0m] Started Create list of required sta...ce nodes for the current kernel.
[[0;32m  OK  [0m] Started Set console keymap.
[[0;32m  OK  [0m] Started Remount Root and Kernel File Systems.
[[0;32m  OK  [0m] Started Uncomplicated firewall.
[[0;32m  OK  [0m] Started Load Kernel Modules.
[[0;32m  OK  [0m] Started Nameserver information manager.
[[0;32m  OK  [0m[    7.417945] random: nonblocking pool is initialized
] Started LVM2 metadata daemon.
         Starting Apply Kernel Variables...
         Mounting FUSE Control File System...
         Starting udev Coldplug all Devices...
         Starting Load/Save Random Seed...
         Starting Create Static Device Nodes in /dev...
         Starting Flush Journal to Persistent Storage...
[[0;32m  OK  [0m] Mounted FUSE Control File System.
[[0;32m  OK  [0m] Started Apply Kernel Variables.
[[0;32m  OK  [0m] Started Load/Save Random Seed.
[[0;32m  OK  [0m] Started Create Static Device Nodes in /dev.
[[0;32m  OK  [0m] Started Flush Journal to Persistent Storage.
[[0;32m  OK  [0m] Started udev Coldplug all Devices.
         Starting udev Kernel Device Manager...
[[0;32m  OK  [0m] Started udev Kernel Device Manager.
[[0;32m  OK  [0m] Started Dispatch Password Requests to Console Directory Watch.
[[0;32m  OK  [0m] Found device /dev/ttyS0.
[[0;32m  OK  [0m] Started Monitoring of LVM2 mirrors,...ng dmeventd or progress polling.
[[0;32m  OK  [0m] Reached target Local File Systems (Pre).
[[0;32m  OK  [0m] Reached target Local File Systems.
         Starting Initial cloud-init job (pre-networking)...
         Starting Preprocess NFS configuration...
         Starting Set console font and keymap...
         Starting LSB: AppArmor initialization...
         Starting Create Volatile Files and Directories...
         Starting Tell Plymouth To Write Out Runtime Data...
[[0;32m  OK  [0m] Started Preprocess NFS configuration.
[[0;32m  OK  [0m] Started Tell Plymouth To Write Out Runtime Data.
[[0;32m  OK  [0m] Started Create Volatile Files and Directories.
         Starting Update UTMP about System Boot/Shutdown...
[[0;32m  OK  [0m] Reached target NFS client services.
[[0;32m  OK  [0m] Started Update UTMP about System Boot/Shutdown.
[[0;32m  OK  [0m] Listening on Load/Save RF Kill Switch Status /dev/rfkill Watch.
[[0;32m  OK  [0m] Found device 82540EM Gigabit Ethern...r (PRO/1000 MT Desktop Adapter).
[[0;32m  OK  [0m] Started LSB: AppArmor initialization.
[[0;32m  OK  [0m] Found device 82540EM Gigabit Ethern...r (PRO/1000 MT Desktop Adapter).
[    8.437468] cloud-init[558]: Cloud-init v. 19.1-1-gbaa47854-0ubuntu1~16.04.1 running 'init-local' at Fri, 18 Oct 2019 11:43:44 +0000. Up 8.13 seconds.
[[0;32m  OK  [0m] Started Initial cloud-init job (pre-networking).
[[0;32m  OK  [0m] Started Set console font and keymap.
[[0;32m  OK  [0m] Created slice system-getty.slice.
[[0;32m  OK  [0m] Reached target Network (Pre).
[[0;32m  OK  [0m] Started ifup for enp0s3.
[[0;32m  OK  [0m] Started ifup for enp0s8.
         Starting Raise network interfaces...
[[0;32m  OK  [0m] Started Raise network interfaces.
         Starting Initial cloud-init job (metadata service crawler)...
[[0;32m  OK  [0m] Reached target Network.
[    9.410950] cloud-init[1103]: Cloud-init v. 19.1-1-gbaa47854-0ubuntu1~16.04.1 running 'init' at Fri, 18 Oct 2019 11:43:45 +0000. Up 9.08 seconds.
[    9.413715] cloud-init[1103]: ci-info: ++++++++++++++++++++++++++++++++++++++Net device info+++++++++++++++++++++++++++++++++++++++
[    9.417185] cloud-init[1103]: ci-info: +--------+------+-----------------------------+---------------+--------+-------------------+
[    9.421386] cloud-init[1103]: ci-info: | Device |  Up  |           Address           |      Mask     | Scope  |     Hw-Address    |
[    9.425652] cloud-init[1103]: ci-info: +--------+------+-----------------------------+---------------+--------+-------------------+
[    9.429825] cloud-init[1103]: ci-info: | enp0s3 | True |          10.0.2.15          | 255.255.255.0 | global | 02:4c:fa:56:e0:e2 |
[    9.433984] cloud-init[1103]: ci-info: | enp0s3 | True |  fe80::4c:faff:fe56:e0e2/64 |       .       |  link  | 02:4c:fa:56:e0:e2 |
[    9.439882] cloud-init[1103]: ci-info: | enp0s8 | True |        192.168.34.66        | 255.255.255.0 | global | 08:00:27:21:95:4e |
[    9.445789] cloud-init[1103]: ci-info: | enp0s8 | True | fe80::a00:27ff:fe21:954e/64 |       .       |  link  | 08:00:27:21:95:4e |
[    9.450327] cloud-init[1103]: ci-info: |   lo   | True |          127.0.0.1          |   255.0.0.0   |  host  |         .         |
[    9.455294] cloud-init[1103]: ci-info: |   lo   | True |           ::1/128           |       .       |  host  |         .         |
[    9.459953] cloud-init[1103]: ci-info: +--------+------+-----------------------------+---------------+--------+-------------------+
[    9.464312] cloud-init[1103]: ci-info: ++++++++++++++++++++++++++++Route IPv4 info++++++++++++++++++++++++++++
[    9.468449] cloud-init[1103]: ci-info: +-------+--------------+----------+---------------+-----------+-------+
[    9.473147] cloud-init[1103]: [[0;32m  OK  [0m] Started Initial cloud-init job (metadata service crawler).
[[0;32m  OK  [0m] Reached target Cloud-config availability.
[[0;32m  OK  [0m] Reached target System Initialization.
[[0;32m  OK  [0m] Listening on D-Bus System Message Bus Socket.
ci-info: | Route | Destination  | Gateway  |    Genmask    | Interface | Flags |
         Starting LXD - unix socket.
[    9.485596] [[0;32m  OK  [0m] Started Daily Cleanup of Temporary Directories.
[[0;32m  OK  [0m] Listening on RPCbind Server Activation Socket.
[[0;32m  OK  [0m] Listening on ACPID Listen Socket.
cloud-init[1103]: ci-info: +-------+--------------+----------+---------------+-----------+-------+
[    9.493769] cloud-init[1103]: ci-info: |   0   |   0.0.0.0    | 10.0.2.2 |    0.0.0.0    |   enp0s3  |   UG  |
[    9.496050] cloud-init[1103]: ci-info: |   1   |   10.0.2.0   | 0.0.0.0  | 255.255.255.0 |   enp0s3  |   U   |
[    9.496419] cloud-init[1103]: ci-info: |   2   | 192.168.34.0 | 0.0.0.0  | 255.255.255.0 |   enp0s8  |   U   |
[    9.497462] cloud-init[1103]: ci-info: +-------+--------------+----------+---------------+-----------+-------+
[    9.498593] cloud-init[1103]: ci-info: +++++++++++++++++++Route IPv6 info+++++++++++++++++++
[    9.499618] cloud-init[1103]: ci-info: +-------+-------------+---------+-----------+-------+
[    9.500962] cloud-init[1103]: ci-info: | Route | Destination | Gateway | Interface | Flags |
[    9.502391] cloud-init[1103]: ci-info: +-------+-------------+---------+-----------+-------+
[    9.503332] cloud-init[1103]: ci-info: |   0   |  fe80::/64  |    ::   |   enp0s8  |   U   |
[    9.504813] cloud-init[1103]: ci-info: |   1   |  fe80::/64  |    ::   |   enp0s3  |   U   |
[[0;32m  OK  [0m] Started ACPI Events Check.
[[    9.506069] cloud-init[1103]: ci-info: |   4   |   ff00::/8  |    ::   |   enp0s8  |   U   |
[    9.514636] cloud-init[1103]: ci-info: |   5   |   ff00::/8  |    ::   |   enp0s3  |   U   |
[    9.515561] cloud-init[1103]: ci-info: +-------+-------------+---------+-----------+-------+
[0;32m  OK  [0m] Reached target Paths.
[[0;32m  OK  [0m] Listening on UUID daemon activation socket.
[[0;32m  OK  [0m] Started Daily apt download activities.
[[0;32m  OK  [0m] Started Daily apt upgrade and clean activities.
[[0;32m  OK  [0m] Reached target Timers.
         Starting Socket activation for snappy daemon.
[[0;32m  OK  [0m] Reached target Network is Online.
         Starting iSCSI initiator daemon (iscsid)...
[[0;32m  OK  [0m] Listening on LXD - unix socket.
[[0;32m  OK  [0m] Listening on Socket activation for snappy daemon.
[[0;32m  OK  [0m] Reached target Sockets.
[[0;32m  OK  [0m] Reached target Basic System.
         Starting Virtualbox guest utils...
         Starting /etc/rc.local Compatibility...
         Starting LSB: Record successful boot for GRUB...
         Starting The PHP 7.0 FastCGI Process Manager...
[[0;32m  OK  [0m] Started Regular background program processing daemon.
         Starting OpenBSD Secure Shell server...
         Starting LSB: MD monitoring daemon...
[[0;32m  OK  [0m] Started FUSE filesystem for LXC.
         Starting Accounts Service...
[[0;32m  OK  [0m] Started D-Bus System Message Bus.
[[0;32m  OK  [0m] Started ACPI event daemon.
         Starting PostgreSQL Cluster 9.5-main...
         Starting Login Service...
         Starting Snappy daemon...
[[0;32m  OK  [0m] Started Deferred execution scheduler.
         Starting System Logging Service...
         Starting LXD - container startup/shutdown...
[[0;32m  OK  [0m] Started iSCSI initiator daemon (iscsid).
[[0;32m  OK  [0m] Started /etc/rc.local Compatibility.
[[0;32m  OK  [0m] Started System Logging Service.
[[0;32m  OK  [0m] Started OpenBSD Secure Shell server.
[[0;32m  OK  [0m] Started LSB: Record successful boot for GRUB.
[[0;32m  OK  [0m] Started LSB: MD monitoring daemon.
         Starting Authenticate and Authorize Users to Run Privileged Tasks...
         Starting Login to default iSCSI targets...
[[0;32m  OK  [0m] Started Login Service.
[[0;32m  OK  [0m] Started Unattended Upgrades Shutdown.
[[0;32m  OK  [0m] Started LXD - container startup/shutdown.
[[0;32m  OK  [0m] Started Login to default iSCSI targets.
[[0;32m  OK  [0m] Reached target Remote File Systems (Pre).
[[0;32m  OK  [0m] Reached target Remote File Systems.
         Starting LSB: daemon to balance interrupts for SMP systems...
         Starting Permit User Sessions...
         Starting LSB: automatic crash report generation...
         Starting LSB: Start/stop sysstat's sadc...
         Starting LSB: Apache2 web server...
         Starting LSB: Set the CPU Frequency Scaling governor to "ondemand"...
[[0;32m  OK  [0m] Started Permit User Sessions.
[[0;32m  OK  [0m] Started Authenticate and Authorize Users to Run Privileged Tasks.
[[0;32m  OK  [0m] Started Snappy daemon.
[[0;32m  OK  [0m] Started Accounts Service.
[[0;32m  OK  [0m] Started Virtualbox guest utils.
[[0;32m  OK  [0m] Started LSB: daemon to balance interrupts for SMP systems.
[[0;32m  OK  [0m] Started LSB: Start/stop sysstat's sadc.
[[0;32m  OK  [0m] Started LSB: Set the CPU Frequency Scaling governor to "ondemand".
         Starting Wait until snapd is fully seeded...
         Starting Hold until boot process finishes up...
         Starting Terminate Plymouth Boot Screen...
[[0;32m  OK  [0m] Started Hold until boot process finishes up.
[[0;32m  OK  [0m] Started Terminate Plymouth Boot Screen.
         Starting Set console scheme...
[[0;32m  OK  [0m] Started Getty on tty1.
[[0;32m  OK  [0m] Started Serial Getty on ttyS0.
[[0;32m  OK  [0m] Reached target Login Prompts.
[[0;32m  OK  [0m] Started LSB: automatic crash report generation.
[[0;32m  OK  [0m] Started Wait until snapd is fully seeded.
[[0;32m  OK  [0m] Started Set console scheme.
[[0;32m  OK  [0m] Started The PHP 7.0 FastCGI Process Manager.
         Starting Apply the settings specified in cloud-config...
[[0;32m  OK  [0m] Started LSB: Apache2 web server.
[   10.945652] cloud-init[1398]: Cloud-init v. 19.1-1-gbaa47854-0ubuntu1~16.04.1 running 'modules:config' at Fri, 18 Oct 2019 11:43:47 +0000. Up 10.83 seconds.
[[0;32m  OK  [0m] Started Apply the settings specified in cloud-config.
[[0;32m  OK  [0m] Created slice User Slice of vagrant.
         Starting User Manager for UID 1000...
[[0;32m  OK  [0m] Started Session 1 of user vagrant.
[[0;32m  OK  [0m] Started User Manager for UID 1000.
[[0;32m  OK  [0m] Started PostgreSQL Cluster 9.5-main.
         Starting PostgreSQL RDBMS...
[[0;32m  OK  [0m] Started PostgreSQL RDBMS.
[[0;32m  OK  [0m] Reached target Multi-User System.
[[0;32m  OK  [0m] Reached target Graphical Interface.
         Starting Update UTMP about System Runlevel Changes...
         Starting Execute cloud user/final scripts...
[[0;32m  OK  [0m] Started Update UTMP about System Runlevel Changes.
[   13.021640] cloud-init[1562]: Cloud-init v. 19.1-1-gbaa47854-0ubuntu1~16.04.1 running 'modules:final' at Fri, 18 Oct 2019 11:43:49 +0000. Up 12.91 seconds.
[   13.027043] cloud-init[1562]: Cloud-init v. 19.1-1-gbaa47854-0ubuntu1~16.04.1 finished at Fri, 18 Oct 2019 11:43:49 +0000. Datasource DataSourceNoCloud [seed=/dev/sdb][dsmode=net].  Up 13.01 seconds
[[0;32m  OK  [0m] Started Execute cloud user/final scripts.
         Starting Daily apt download activities...
[[0;32m  OK  [0m] Reached target Cloud-init target.

Ubuntu 16.04.6 LTS ubuntu-xenial ttyS0

ubuntu-xenial login: [57033.846881] e1000 0000:00:03.0 enp0s3: Detected Tx Unit Hang
[57033.846881]   Tx Queue             <0>
[57033.846881]   TDH                  <e6>
[57033.846881]   TDT                  <e8>
[57033.846881]   next_to_use          <e8>
[57033.846881]   next_to_clean        <e6>
[57033.846881] buffer_info[next_to_clean]
[57033.846881]   time_stamp           <100d86a8d>
[57033.846881]   next_to_watch        <e7>
[57033.846881]   jiffies              <100d86d5e>
[57033.846881]   next_to_watch.status <0>
[57035.850148] e1000 0000:00:03.0 enp0s3: Detected Tx Unit Hang
[57035.850148]   Tx Queue             <0>
[57035.850148]   TDH                  <e6>
[57035.850148]   TDT                  <e8>
[57035.850148]   next_to_use          <e8>
[57035.850148]   next_to_clean        <e6>
[57035.850148] buffer_info[next_to_clean]
[57035.850148]   time_stamp           <100d86a8d>
[57035.850148]   next_to_watch        <e7>
[57035.850148]   jiffies              <100d86f53>
[57035.850148]   next_to_watch.status <0>
[57037.863391] e1000 0000:00:03.0 enp0s3: Detected Tx Unit Hang
[57037.863391]   Tx Queue             <0>
[57037.863391]   TDH                  <e6>
[57037.863391]   TDT                  <e8>
[57037.863391]   next_to_use          <e8>
[57037.863391]   next_to_clean        <e6>
[57037.863391] buffer_info[next_to_clean]
[57037.863391]   time_stamp           <100d86a8d>
[57037.863391]   next_to_watch        <e7>
[57037.863391]   jiffies              <100d8714a>
[57037.863391]   next_to_watch.status <0>
[57039.874413] e1000 0000:00:03.0 enp0s3: Detected Tx Unit Hang
[57039.874413]   Tx Queue             <0>
[57039.874413]   TDH                  <e6>
[57039.874413]   TDT                  <e8>
[57039.874413]   next_to_use          <e8>
[57039.874413]   next_to_clean        <e6>
[57039.874413] buffer_info[next_to_clean]
[57039.874413]   time_stamp           <100d86a8d>
[57039.874413]   next_to_watch        <e7>
[57039.874413]   jiffies              <100d87341>
[57039.874413]   next_to_watch.status <0>
[57040.574460] e1000 0000:00:03.0 enp0s3: Reset adapter
         Stopping Authenticate and Authorize Users to Run Privileged Tasks...
[[0;32m  OK  [0m] Stopped target RPC Port Mapper.
[[0;32m  OK  [0m] Closed Load/Save RF Kill Switch Status /dev/rfkill Watch.
[[0;32m  OK  [0m] Stopped target Cloud-init target.
[[0;32m  OK  [0m] Stopped target Graphical Interface.
         Unmounting RPC Pipe File System...
         Stopping User Manager for UID 1000...
[[0;32m  OK  [0m] Stopped Execute cloud user/final scripts.
[[0;32m  OK  [0m] Stopped Apply the settings specified in cloud-config.
[[0;32m  OK  [0m] Stopped target Cloud-config availability.
         Stopping NFS status monitor for NFSv2/3 locking....
         Stopping Session 638 of user vagrant.
         Stopping Session 8 of user vagrant.
[[0;32m  OK  [0m] Stopped target Multi-User System.
         Stopping Regular background program processing daemon...
[[0;32m  OK  [0m] Stopped PostgreSQL RDBMS.
         Stopping Deferred execution scheduler...
         Stopping FUSE filesystem for LXC...
         Stopping LSB: Apache2 web server...
         Stopping LSB: Start/stop sysstat's sadc...
         Stopping The PHP 7.0 FastCGI Process Manager...
         Stopping LSB: automatic crash report generation...
         Stopping Virtualbox guest utils...
         Stopping OpenBSD Secure Shell server...
         Stopping LXD - container startup/shutdown...
[[0;32m  OK  [0m] Stopped target Login Prompts.
         Stopping Getty on tty1...
         Stopping Serial Getty o         Stopping LSB: daemon to balance interrupts for SMP systems...
         Stopping Unattended Upgrades Shutdown...
         Stopping LSB: MD monitoring daemon...
         Stopping LSB: Set the CPU Frequency Scaling governor to "ondemand"...
         Stopping System Logging Service...
         Stopping D-Bus System Message Bus...
[[0;32m  OK  [0m] Stopped Wait until snapd is fully seeded.
[[0;32m  OK  [0m] Stopped target Timers.
[[0;32m  OK  [0m] Stopped Daily Cleanup of Temporary Directories.
[[0;32m  OK  [0m] Stopped Daily apt upgrade and clean activities.
[[0;32m  OK  [0m] Stopped Daily apt download activities.
[[0;32m  OK  [0m] Stopped target System Time Synchronized.
         Stopping PostgreSQL Cluster 9.5-main...
         Stopping ACPI event daemon...
         Stopping LSB: Record successful boot for GRUB...
         Stopping Accounts Service...
[[0;32m  OK  [0m] Unmounted /var/lib/lxcfs.
[[0;32m  OK  [0m] Stopped Regular background program processing daemon.
[[0;32m  OK  [0m] Stopped Accounts Service.
[[0;32m  OK  [0m] Stopped ACPI event daemon.
[[0;32m  OK  [0m] Stopped Deferred execution scheduler.
[[0;32m  OK  [0m] Stopped System Logging Service.
[[0;32m  OK  [0m] Stopped OpenBSD Secure Shell server.
[[0;32m  OK  [0m] Stopped Authenticate and Authorize Users to Run Privileged Tasks.
[[0;32m  OK  [0m] Stopped Unattended Upgrades Shutdown.
[[0;32m  OK  [0m] Stopped The PHP 7.0 FastCGI Process Manager.
[[0;32m  OK  [0m] Stopped Getty on tty1.
[[0;32m  OK  [0m] Stopped Serial Getty on ttyS0.
[[0;32m  OK  [0m] Stopped NFS status monitor for NFSv2/3 locking..
[[0;32m  OK  [0m] Stopped User Manager for UID 1000.
[[0;32m  OK  [0m] Unmounted RPC Pipe File System.
[[0;32m  OK  [0m] Stopped D-Bus System Message Bus.
[[0;32m  OK  [0m] Stopped Session 638 of user vagrant.
[[0;32m  OK  [0m] Stopped Session 8 of user vagrant.
[[0;32m  OK  [0m] Stopped FUSE filesystem for LXC.
[[0;32m  OK  [0m] Stopped LSB: Start/stop sysstat's sadc.
[[0;32m  OK  [0m] Stopped LXD - container startup/shutdown.
[[0;32m  OK  [0m] Stopped LSB: Set the CPU Frequency Scaling governor to "ondemand".
[[0;32m  OK  [0m] Stopped LSB: daemon to balance interrupts for SMP systems.
[[0;32m  OK  [0m] Stopped LSB: automatic crash report generation.
[[0;32m  OK  [0m] Stopped LSB: MD monitoring daemon.
[[0;32m  OK  [0m] Stopped Virtualbox guest utils.
[[0;32m  OK  [0m] Stopped LSB: Record successful boot for GRUB.
[[0;32m  OK  [0m] Removed slice User Slice of vagrant.
[[0;32m  OK  [0m] Removed slice system-serial\x2dgetty.slice.
[[0;32m  OK  [0m] Stopped /etc/rc.local Compatibility.
[[0;32m  OK  [0m] Removed slice system-getty.slice.
         Stopping Permit User Sessions...
         Stopping Login Service...
[[0;32m  OK  [0m] Stopped Permit User Sessions.
[[0;32m  OK  [0m] Stopped Login Service.
[[0;32m  OK  [0m] Stopped target User and Group Name Lookups.
[[0;32m  OK  [0m] Stopped PostgreSQL Cluster 9.5-main.
[[0;32m  OK  [0m] Removed slice system-postgresql.slice.
[[0;32m  OK  [0m] Stopped LSB: Apache2 web server.
[[0;32m  OK  [0m] Stopped target Basic System.
[[0;32m  OK  [0m] Stopped target Slices.
[[0;32m  OK  [0m] Removed slice User and Session Slice.
[[0;32m  OK  [0m] Stopped target Paths.
[[0;32m  OK  [0m] Stopped ACPI Events Check.
[[0;32m  OK  [0m] Stopped Dispatch Password Requests to Console Directory Watch.
[[0;32m  OK  [0m] Stopped Forward Password Requests to Wall Directory Watch.
[[0;32m  OK  [0m] Stopped target Sockets.
[[0;32m  OK  [0m] Closed UUID daemon activation socket.
[[0;32m  OK  [0m] Closed ACPID Listen Socket.
[[0;32m  OK  [0m] Closed Socket activation for snappy daemon.
[[0;32m  OK  [0m] Closed D-Bus System Message Bus Socket.
[[0;32m  OK  [0m] Closed Syslog Socket.
[[0;32m  OK  [0m] Closed LXD - unix socket.
[[0;32m  OK  [0m] Stopped target Remote File Systems.
         Unmounting /vagrant...
[[0;32m  OK  [0m] Stopped target Host and Network Name Lookups.
[[0;32m  OK  [0m] Unmounted /vagrant.
[[0;32m  OK  [0m] Stopped target Remote File Systems (Pre).
         Stopping Login to default iSCSI targets...
[[0;32m  OK  [0m] Stopped target NFS client services.
         Stopping RPC bind portmap service...
[[0;32m  OK  [0m] Stopped RPC bind portmap service.
[[0;32m  OK  [0m] Closed RPCbind Server Activation Socket.
[[0;32m  OK  [0m] Stopped target System Initialization.
[[0;32m  OK  [0m] Stopped target Encrypted Volumes.
         Stopping Load/Save Random Seed...
[[0;32m  OK  [0m] Stopped target Swap.
         Stopping Update UTMP about System Boot/Shutdown...
[[0;32m  OK  [0m] Stopped Load/Save Random Seed.
[[0;32m  OK  [0m] Stopped Update UTMP about System Boot/Shutdown.
[[0;32m  OK  [0m] Stopped Create Volatile Files and Directories.
[[0;32m  OK  [0m] Stopped Login to default iSCSI targets.
         Stopping iSCSI initiator daemon (iscsid)...
[[0;32m  OK  [0m] Stopped iSCSI initiator daemon (iscsid).
[[0;32m  OK  [0m] Stopped target Network is Online.
[[0;32m  OK  [0m] Stopped Initial cloud-init job (metadata service crawler).
[[0;32m  OK  [0m] Stopped target Network.
         Stopping Raise network interfaces...
[[0;32m  OK  [0m] Stopped Raise network interfaces.
[[0;32m  OK  [0m] Stopped target Network (Pre).
[[0;32m  OK  [0m] Stopped Initial cloud-init job (pre-networking).
[[0;32m  OK  [0m] Stopped Apply Kernel Variables.
[[0;32m  OK  [0m] Stopped Load Kernel Modules.
[[0;32m  OK  [0m] Stopped target Local File Systems.
         Unmounting /run/user/1000...
[[0;32m  OK  [0m] Unmounted /run/user/1000.
[[0;32m  OK  [0m] Reached target Unmount All Filesystems.
[[0;32m  OK  [0m] Stopped target Local File Systems (Pre).
         Stopping Monitoring of LVM2 mirrors... dmeventd or progress polling...
[[0;32m  OK  [0m] Stopped Remount Root and Kernel File Systems.
[[0;32m  OK  [0m] Stopped Create Static Device Nodes in /dev.
[[0;32m  OK  [0m] Reached target Shutdown.
[249625.588720] reboot: Power down
